------------------------------------------------------------
TimeQuest Timing Analyzer Summary
------------------------------------------------------------

Type  : Slow 1200mV 85C Model Setup 'clock'
Slack : -14.057
TNS   : -13536.461

Type  : Slow 1200mV 85C Model Setup 'imem:my_imem|altsyncram:altsyncram_component|altsyncram_o3a1:auto_generated|q_a[27]'
Slack : -6.623
TNS   : -38.856

Type  : Slow 1200mV 85C Model Setup 'frequency_divider_by2:frediv_1|out_clk'
Slack : -1.399
TNS   : -12.284

Type  : Slow 1200mV 85C Model Hold 'imem:my_imem|altsyncram:altsyncram_component|altsyncram_o3a1:auto_generated|q_a[27]'
Slack : 0.369
TNS   : 0.000

Type  : Slow 1200mV 85C Model Hold 'frequency_divider_by2:frediv_1|out_clk'
Slack : 0.465
TNS   : 0.000

Type  : Slow 1200mV 85C Model Hold 'clock'
Slack : 0.646
TNS   : 0.000

Type  : Slow 1200mV 85C Model Minimum Pulse Width 'clock'
Slack : -3.000
TNS   : -1537.533

Type  : Slow 1200mV 85C Model Minimum Pulse Width 'frequency_divider_by2:frediv_1|out_clk'
Slack : -1.285
TNS   : -15.420

Type  : Slow 1200mV 85C Model Minimum Pulse Width 'imem:my_imem|altsyncram:altsyncram_component|altsyncram_o3a1:auto_generated|q_a[27]'
Slack : 0.411
TNS   : 0.000

Type  : Slow 1200mV 0C Model Setup 'clock'
Slack : -12.866
TNS   : -12395.789

Type  : Slow 1200mV 0C Model Setup 'imem:my_imem|altsyncram:altsyncram_component|altsyncram_o3a1:auto_generated|q_a[27]'
Slack : -6.106
TNS   : -35.920

Type  : Slow 1200mV 0C Model Setup 'frequency_divider_by2:frediv_1|out_clk'
Slack : -1.149
TNS   : -9.770

Type  : Slow 1200mV 0C Model Hold 'frequency_divider_by2:frediv_1|out_clk'
Slack : 0.419
TNS   : 0.000

Type  : Slow 1200mV 0C Model Hold 'imem:my_imem|altsyncram:altsyncram_component|altsyncram_o3a1:auto_generated|q_a[27]'
Slack : 0.515
TNS   : 0.000

Type  : Slow 1200mV 0C Model Hold 'clock'
Slack : 0.594
TNS   : 0.000

Type  : Slow 1200mV 0C Model Minimum Pulse Width 'clock'
Slack : -3.000
TNS   : -1533.309

Type  : Slow 1200mV 0C Model Minimum Pulse Width 'frequency_divider_by2:frediv_1|out_clk'
Slack : -1.285
TNS   : -15.420

Type  : Slow 1200mV 0C Model Minimum Pulse Width 'imem:my_imem|altsyncram:altsyncram_component|altsyncram_o3a1:auto_generated|q_a[27]'
Slack : 0.355
TNS   : 0.000

Type  : Fast 1200mV 0C Model Setup 'clock'
Slack : -6.895
TNS   : -6489.680

Type  : Fast 1200mV 0C Model Setup 'imem:my_imem|altsyncram:altsyncram_component|altsyncram_o3a1:auto_generated|q_a[27]'
Slack : -3.226
TNS   : -17.518

Type  : Fast 1200mV 0C Model Setup 'frequency_divider_by2:frediv_1|out_clk'
Slack : -0.179
TNS   : -0.654

Type  : Fast 1200mV 0C Model Hold 'imem:my_imem|altsyncram:altsyncram_component|altsyncram_o3a1:auto_generated|q_a[27]'
Slack : -0.098
TNS   : -0.098

Type  : Fast 1200mV 0C Model Hold 'frequency_divider_by2:frediv_1|out_clk'
Slack : 0.210
TNS   : 0.000

Type  : Fast 1200mV 0C Model Hold 'clock'
Slack : 0.269
TNS   : 0.000

Type  : Fast 1200mV 0C Model Minimum Pulse Width 'clock'
Slack : -3.000
TNS   : -1183.350

Type  : Fast 1200mV 0C Model Minimum Pulse Width 'frequency_divider_by2:frediv_1|out_clk'
Slack : -1.000
TNS   : -12.000

Type  : Fast 1200mV 0C Model Minimum Pulse Width 'imem:my_imem|altsyncram:altsyncram_component|altsyncram_o3a1:auto_generated|q_a[27]'
Slack : 0.145
TNS   : 0.000

------------------------------------------------------------
